node.exe : FAIL 
tests/analytics.test.js
At line:1 char:1
+ & "C:\Program 
Files\nodejs/node.exe" 
"C:\Program 
Files\nodejs/node_mo ...
+ ~~~~~~~~~~~~~~~~~~~~~~~~
~~~~~~~~~~~~~~~~~~~~~~~~~~
~~~~~~~~~~~~~~~~~~~
    + CategoryInfo        
      : NotSpecified: (F  
  AIL tests/analytics.t   
 est.js:String) [], Re    
moteException
    + FullyQualifiedError 
   Id : NativeCommandErr  
  or
 
  ΓùÅ Test suite failed 
to run

    Jest encountered an 
unexpected token

    Jest failed to parse 
a file. This happens e.g. 
when your code or its 
dependencies use 
non-standard JavaScript 
syntax, or when Jest is 
not configured to support 
such syntax.

    Out of the box Jest 
supports Babel, which 
will be used to transform 
your files into valid JS 
based on your Babel 
configuration.

    By default 
"node_modules" folder is 
ignored by transformers.

    Here's what you can 
do:
     ΓÇó If you are 
trying to use ECMAScript 
Modules, see https://jestj
s.io/docs/ecmascript-modul
es for how to enable it.
     ΓÇó If you are 
trying to use TypeScript, 
see https://jestjs.io/docs
/getting-started#using-typ
escript
     ΓÇó To have some of 
your "node_modules" files 
transformed, you can 
specify a custom 
"transformIgnorePatterns" 
in your config.
     ΓÇó If you need a 
custom transformation, 
specify a "transform" 
option in your config.
     ΓÇó If you simply 
want to mock your non-JS 
modules (e.g. binary 
assets) you can stub them 
out with the 
"moduleNameMapper" config 
option.

    You'll find more 
details and examples of 
these config options in 
the docs:
    https://jestjs.io/docs
/configuration
    For information about 
custom transformations, 
see:
    https://jestjs.io/docs
/code-transformation

    Details:

    C:\Users\khumb\Desktop
\your-repo-name\Forest-Cap
ture\src\modules\analytics
.js:3
    import { $, esc } 
from './ui.js';
    ^^^^^^

    SyntaxError: Cannot 
use import statement 
outside a module

    [0m [90m 4 |[39m 
[90m */[39m
     [90m 5 |[39m
    
[31m[1m>[22m[39m[90m 
6 |[39m [36mconst[39m 
[33mEcologicalAnalytics[3
9m [33m=[39m require([3
2m'../src/modules/analytic
s'[39m)[33m;[39m
     [90m   |[39m       
                      
[31m[1m^[22m[39m
     [90m 7 |[39m
     [90m 8 |[39m descri
be([32m'EcologicalAnalyti
cs'[39m[33m,[39m () 
[33m=>[39m {
     [90m 9 |[39m   [0m

      at Runtime.createScr
iptFromCode (../../../AppD
ata/Local/npm-cache/_npx/b
8d86e6551a4f492/node_modul
es/jest-runtime/build/inde
x.js:1314:40)
      at Object.require (t
ests/analytics.test.js:6:2
9)

Test Suites: 1 failed, 1 
total
Tests:       0 total
Snapshots:   0 total
Time:        0.289 s
Ran all test suites.
